batch RV-4 digest=d308c82ad6514b50: 27 runs, concurrency 4
[A-04] exit=0 timed_out=False wall=795.3s freeze_ok=True
[A-01] exit=0 timed_out=False wall=898.9s freeze_ok=True
[A-02] exit=0 timed_out=False wall=935.4s freeze_ok=True
[A-03] exit=0 timed_out=False wall=965.4s freeze_ok=True
[A-05] exit=0 timed_out=False wall=749.3s freeze_ok=True
[A-06] exit=0 timed_out=False wall=721.4s freeze_ok=True
[A-08] exit=0 timed_out=False wall=683.9s freeze_ok=True
[B-01-A] exit=0 timed_out=False wall=194.8s freeze_ok=True
[A-07] exit=0 timed_out=False wall=1014.0s freeze_ok=True
[B-02-B] exit=0 timed_out=False wall=226.5s freeze_ok=True
[A-09] exit=0 timed_out=False wall=574.5s freeze_ok=True
[B-03-C] exit=0 timed_out=False wall=372.5s freeze_ok=True
[A-10] exit=0 timed_out=False wall=888.2s freeze_ok=True
[B-05-A] exit=0 timed_out=False wall=416.0s freeze_ok=True
[B-04-D] exit=0 timed_out=False wall=569.1s freeze_ok=True
[B-06-B] exit=0 timed_out=False wall=337.6s freeze_ok=True
[B-07-C] exit=0 timed_out=False wall=372.8s freeze_ok=True
[B-08-D] exit=0 timed_out=False wall=381.3s freeze_ok=True
[C-02] exit=0 timed_out=False wall=466.6s freeze_ok=True
[C-01] exit=0 timed_out=False wall=583.3s freeze_ok=True
[C-03] exit=0 timed_out=False wall=494.7s freeze_ok=True
[D2] exit=0 timed_out=False wall=457.7s freeze_ok=True
[D5] exit=0 timed_out=False wall=0.3s freeze_ok=True
[D6] exit=0 timed_out=False wall=0.4s freeze_ok=True
[D3] exit=0 timed_out=False wall=399.0s freeze_ok=True
[D4] exit=0 timed_out=False wall=279.8s freeze_ok=True
[D1] exit=0 timed_out=False wall=777.1s freeze_ok=True
FREEZE OK at end
