batch RV-4b digest=66cfca386f28c61b: 27 runs, concurrency 4
[A-02] exit=0 timed_out=False wall=388.0s freeze_ok=True
[A-01] exit=0 timed_out=False wall=556.5s freeze_ok=True
[A-03] exit=0 timed_out=False wall=587.3s freeze_ok=True
[A-04] exit=0 timed_out=False wall=719.4s freeze_ok=True
[A-06] exit=0 timed_out=False wall=359.1s freeze_ok=True
[A-05] exit=0 timed_out=False wall=599.9s freeze_ok=True
[A-07] exit=0 timed_out=False wall=619.7s freeze_ok=True
[A-08] exit=0 timed_out=False wall=663.6s freeze_ok=True
[B-01-A] exit=0 timed_out=False wall=222.8s freeze_ok=True
[B-02-B] exit=0 timed_out=False wall=254.5s freeze_ok=True
[A-09] exit=0 timed_out=False wall=726.6s freeze_ok=True
[B-03-C] exit=0 timed_out=False wall=349.3s freeze_ok=True
[B-05-A] exit=0 timed_out=False wall=155.3s freeze_ok=True
[A-10] exit=0 timed_out=False wall=895.5s freeze_ok=True
[B-04-D] exit=0 timed_out=False wall=457.2s freeze_ok=True
[B-06-B] exit=0 timed_out=False wall=347.8s freeze_ok=True
[B-07-C] exit=0 timed_out=False wall=424.3s freeze_ok=True
[B-08-D] exit=0 timed_out=False wall=481.4s freeze_ok=True
[C-02] exit=0 timed_out=False wall=427.7s freeze_ok=True
[C-01] exit=0 timed_out=False wall=526.4s freeze_ok=True
[C-03] exit=0 timed_out=False wall=483.4s freeze_ok=True
[D2] exit=0 timed_out=False wall=419.9s freeze_ok=True
[D5] exit=0 timed_out=False wall=0.3s freeze_ok=True
[D6] exit=0 timed_out=False wall=0.3s freeze_ok=True
[D1] exit=0 timed_out=False wall=729.6s freeze_ok=True
[D3] exit=0 timed_out=False wall=486.1s freeze_ok=True
[D4] exit=0 timed_out=False wall=505.9s freeze_ok=True
FREEZE OK at end
