batch RV-4c digest=3ec9cfe356ffa518: 27 runs, concurrency 4
[A-04] exit=0 timed_out=False wall=636.8s freeze_ok=True
[A-02] exit=0 timed_out=False wall=745.7s freeze_ok=True
[A-01] exit=0 timed_out=False wall=804.1s freeze_ok=True
[A-03] exit=0 timed_out=False wall=808.1s freeze_ok=True
[A-05] exit=0 timed_out=False wall=446.9s freeze_ok=True
[A-07] exit=0 timed_out=False wall=521.8s freeze_ok=True
[A-06] exit=0 timed_out=False wall=590.5s freeze_ok=True
[A-08] exit=0 timed_out=False wall=714.3s freeze_ok=True
[B-01-A] exit=0 timed_out=False wall=198.8s freeze_ok=True
[B-02-B] exit=0 timed_out=False wall=244.9s freeze_ok=True
[B-03-C] exit=0 timed_out=False wall=274.5s freeze_ok=True
[A-09] exit=0 timed_out=False wall=812.0s freeze_ok=True
[A-10] exit=0 timed_out=False wall=639.9s freeze_ok=True
[B-05-A] exit=0 timed_out=False wall=242.5s freeze_ok=True
[B-04-D] exit=0 timed_out=False wall=289.4s freeze_ok=True
[B-06-B] exit=0 timed_out=False wall=272.4s freeze_ok=True
[B-07-C] exit=0 timed_out=False wall=349.8s freeze_ok=True
[C-01] exit=0 timed_out=False wall=417.3s freeze_ok=True
[B-08-D] exit=0 timed_out=False wall=510.0s freeze_ok=True
[C-02] exit=0 timed_out=False wall=461.2s freeze_ok=True
[C-03] exit=0 timed_out=False wall=358.2s freeze_ok=True
[D4] exit=0 timed_out=False wall=414.4s freeze_ok=True
[D5] exit=0 timed_out=False wall=0.3s freeze_ok=True
[D6] exit=0 timed_out=False wall=0.3s freeze_ok=True
[D2] exit=0 timed_out=False wall=559.5s freeze_ok=True
[D3] exit=0 timed_out=False wall=642.8s freeze_ok=True
[D1] exit=0 timed_out=False wall=977.8s freeze_ok=True
FREEZE OK at end
