batch RV5-AB-1 digest=cb353e9bdec99268: 35 runs, concurrency 4
[A-02] exit=0 timed_out=False wall=360.6s freeze_ok=True
[A-01] exit=0 timed_out=False wall=415.2s freeze_ok=True
[A-03] exit=0 timed_out=False wall=418.0s freeze_ok=True
[A-04] exit=0 timed_out=False wall=430.5s freeze_ok=True
[A-05] exit=0 timed_out=False wall=215.2s freeze_ok=True
[A-06] exit=0 timed_out=False wall=215.1s freeze_ok=True
[A-07] exit=0 timed_out=False wall=223.8s freeze_ok=True
[A-08] exit=0 timed_out=False wall=224.4s freeze_ok=True
[A-09] exit=0 timed_out=False wall=218.3s freeze_ok=True
[A-10] exit=0 timed_out=False wall=226.6s freeze_ok=True
[A-11] exit=0 timed_out=False wall=217.1s freeze_ok=True
[A-12] exit=0 timed_out=False wall=226.0s freeze_ok=True
[A-13] exit=0 timed_out=False wall=227.3s freeze_ok=True
[A-14] exit=0 timed_out=False wall=220.5s freeze_ok=True
[A-15] exit=0 timed_out=False wall=223.2s freeze_ok=True
[A-16] exit=0 timed_out=False wall=216.9s freeze_ok=True
[A-17] exit=0 timed_out=False wall=214.8s freeze_ok=True
[B-01-A] exit=0 timed_out=False wall=53.3s freeze_ok=True
[A-18] exit=0 timed_out=False wall=214.0s freeze_ok=True
[A-19] exit=0 timed_out=False wall=223.2s freeze_ok=True
[A-20] exit=0 timed_out=False wall=217.6s freeze_ok=True
[B-02-B] exit=0 timed_out=False wall=65.9s freeze_ok=True
[B-03-C] exit=0 timed_out=False wall=79.2s freeze_ok=True
[B-05-A] exit=0 timed_out=False wall=60.8s freeze_ok=True
[B-04-D] exit=0 timed_out=False wall=83.9s freeze_ok=True
[B-06-B] exit=0 timed_out=False wall=66.7s freeze_ok=True
[B-07-C] exit=0 timed_out=False wall=68.3s freeze_ok=True
[B-09-A] exit=0 timed_out=False wall=54.3s freeze_ok=True
[B-08-D] exit=0 timed_out=False wall=78.5s freeze_ok=True
[B-10-B] exit=0 timed_out=False wall=64.2s freeze_ok=True
[B-11-C] exit=0 timed_out=False wall=68.1s freeze_ok=True
[B-12-D] exit=0 timed_out=False wall=78.4s freeze_ok=True
[C-01] exit=0 timed_out=False wall=92.3s freeze_ok=True
[C-02] exit=0 timed_out=False wall=88.5s freeze_ok=True
[C-03] exit=0 timed_out=False wall=94.5s freeze_ok=True
FREEZE OK at end
