108 requests (12 inputs x 3 variants x 3 reps, 0 done)
[GB RV-3 #1] SUCCESS 30.8s
[GB RV-5 #1] SUCCESS 31.9s
[GA RV-4c #1] SUCCESS 35.9s
[GB RV-4c #1] SUCCESS 38.4s
[GA RV-3 #1] SUCCESS 46.4s
[GA RV-5 #1] SUCCESS 53.6s
[GC RV-3 #1] SUCCESS 23.4s
[GC RV-4c #1] SUCCESS 35.3s
[HG1 RV-3 #1] SUCCESS 29.0s
[GC RV-5 #1] SUCCESS 47.5s
[GD RV-4c #1] SUCCESS 41.4s
[GD RV-5 #1] SUCCESS 60.0s
[GD RV-3 #1] SUCCESS 75.5s
[HG1 RV-4c #1] SUCCESS 53.5s
[HG2 RV-3 #1] SUCCESS 37.9s
[HG1 RV-5 #1] SUCCESS 43.7s
[HG3 RV-3 #1] SUCCESS 20.6s
[HG2 RV-4c #1] SUCCESS 54.2s
[HG2 RV-5 #1] SUCCESS 42.6s
[HG3 RV-4c #1] SUCCESS 39.3s
[HG3 RV-5 #1] SUCCESS 39.4s
[M6-A01 RV-3 #1] SUCCESS 55.5s
[M6-A01 RV-4c #1] SUCCESS 48.4s
[M6-A01 RV-5 #1] SUCCESS 54.5s
[M6-A03 RV-5 #1] SUCCESS 37.1s
[M6-A03 RV-3 #1] SUCCESS 44.8s
[M6-A03 RV-4c #1] SUCCESS 59.4s
[M6-A05 RV-4c #1] SUCCESS 37.2s
[M6-A07 RV-4c #1] SUCCESS 40.2s
[M6-A07 RV-5 #1] SUCCESS 39.1s
[M6-A07 RV-3 #1] SUCCESS 66.7s
[M6-A09 RV-3 #1] SUCCESS 47.4s
[M6-A05 RV-5 #1] SUCCESS 71.3s
[M6-A09 RV-4c #1] SUCCESS 52.9s
[GA RV-3 #2] SUCCESS 31.8s
[M6-A05 RV-3 #1] SUCCESS 117.5s
[GA RV-5 #2] SUCCESS 36.9s
[M6-A09 RV-5 #1] SUCCESS 48.4s
[GA RV-4c #2] SUCCESS 46.1s
[GB RV-3 #2] SUCCESS 38.6s
[GC RV-3 #2] SUCCESS 34.5s
[GC RV-4c #2] SUCCESS 40.8s
[GB RV-5 #2] SUCCESS 51.2s
[GD RV-3 #2] SUCCESS 40.6s
[GB RV-4c #2] SUCCESS 96.5s
[GD RV-5 #2] SUCCESS 46.6s
[GC RV-5 #2] INVALID_SCHEMA 82.0s
[GD RV-4c #2] SUCCESS 57.8s
[HG1 RV-3 #2] SUCCESS 54.2s
[HG1 RV-4c #2] SUCCESS 38.1s
[HG2 RV-5 #2] SUCCESS 27.4s
[HG2 RV-4c #2] SUCCESS 29.5s
[HG2 RV-3 #2] SUCCESS 31.8s
[HG1 RV-5 #2] SUCCESS 34.9s
[HG3 RV-4c #2] SUCCESS 30.9s
[HG3 RV-3 #2] SUCCESS 39.0s
[HG3 RV-5 #2] SUCCESS 26.3s
[M6-A01 RV-4c #2] SUCCESS 34.0s
[M6-A01 RV-3 #2] SUCCESS 38.4s
[M6-A01 RV-5 #2] SUCCESS 47.8s
[M6-A03 RV-3 #2] SUCCESS 38.9s
[M6-A03 RV-5 #2] SUCCESS 42.4s
[M6-A03 RV-4c #2] SUCCESS 57.2s
[M6-A05 RV-5 #2] SUCCESS 49.6s
[M6-A07 RV-4c #2] SUCCESS 39.4s
[M6-A07 RV-3 #2] SUCCESS 68.4s
[M6-A05 RV-3 #2] SUCCESS 110.7s
[M6-A09 RV-4c #2] SUCCESS 38.4s
[M6-A07 RV-5 #2] SUCCESS 75.0s
[M6-A05 RV-4c #2] SUCCESS 119.2s
[M6-A09 RV-3 #2] INVALID_SCHEMA 95.5s
[GB RV-3 #3] SUCCESS 39.0s
[GA RV-3 #3] SUCCESS 57.9s
[GA RV-5 #3] SUCCESS 53.7s
[GA RV-4c #3] SUCCESS 64.7s
[GC RV-5 #3] SUCCESS 38.9s
[M6-A09 RV-5 #2] SUCCESS 127.5s
[GB RV-4c #3] SUCCESS 58.1s
[GC RV-4c #3] SUCCESS 52.1s
[GB RV-5 #3] SUCCESS 63.6s
[GC RV-3 #3] SUCCESS 60.3s
[GD RV-5 #3] SUCCESS 34.2s
[HG1 RV-3 #3] SUCCESS 40.3s
[GD RV-3 #3] SUCCESS 51.1s
[GD RV-4c #3] SUCCESS 57.6s
[HG1 RV-5 #3] SUCCESS 50.5s
[HG1 RV-4c #3] SUCCESS 64.0s
[HG2 RV-3 #3] SUCCESS 47.8s
[HG2 RV-4c #3] SUCCESS 39.6s
[HG2 RV-5 #3] SUCCESS 38.5s
[HG3 RV-4c #3] SUCCESS 38.1s
[HG3 RV-3 #3] SUCCESS 43.9s
[HG3 RV-5 #3] SUCCESS 31.6s
[M6-A01 RV-4c #3] SUCCESS 35.9s
[M6-A01 RV-3 #3] SUCCESS 47.6s
[M6-A01 RV-5 #3] SUCCESS 52.0s
[M6-A03 RV-5 #3] SUCCESS 41.9s
[M6-A03 RV-4c #3] SUCCESS 46.8s
[M6-A03 RV-3 #3] SUCCESS 74.8s
[M6-A05 RV-5 #3] SUCCESS 37.9s
[M6-A07 RV-3 #3] SUCCESS 49.2s
[M6-A07 RV-4c #3] SUCCESS 49.3s
[M6-A05 RV-4c #3] SUCCESS 72.7s
[M6-A05 RV-3 #3] SUCCESS 99.7s
[M6-A09 RV-3 #3] SUCCESS 53.1s
[M6-A07 RV-5 #3] SUCCESS 62.8s
[M6-A09 RV-4c #3] SUCCESS 50.8s
[M6-A09 RV-5 #3] SUCCESS 51.0s
