batch RV5-AB-1 digest=cb353e9bdec99268: 35 runs, concurrency 4
[A-02] exit=0 timed_out=False wall=433.4s freeze_ok=True
[A-04] exit=0 timed_out=False wall=623.8s freeze_ok=True
[A-01] exit=0 timed_out=False wall=836.0s freeze_ok=True
[A-03] exit=0 timed_out=False wall=1127.8s freeze_ok=True
[A-05] exit=0 timed_out=False wall=772.9s freeze_ok=True
[A-07] exit=0 timed_out=False wall=642.5s freeze_ok=True
[A-06] exit=0 timed_out=False wall=885.4s freeze_ok=True
[A-09] exit=0 timed_out=False wall=958.7s freeze_ok=True
[A-08] exit=0 timed_out=False wall=1044.5s freeze_ok=True
[A-10] exit=0 timed_out=False wall=714.1s freeze_ok=True
[A-11] exit=0 timed_out=False wall=987.7s freeze_ok=True
[A-13] exit=0 timed_out=False wall=587.0s freeze_ok=True
[A-14] exit=0 timed_out=False wall=714.9s freeze_ok=True
[A-12] exit=0 timed_out=False wall=994.1s freeze_ok=True
[A-18] exit=0 timed_out=False wall=502.9s freeze_ok=True
[A-17] exit=0 timed_out=False wall=791.4s freeze_ok=True
[A-16] exit=0 timed_out=False wall=956.9s freeze_ok=True
[A-15] exit=0 timed_out=False wall=1409.4s freeze_ok=True
[B-01-A] exit=0 timed_out=False wall=224.9s freeze_ok=True
[A-20] exit=0 timed_out=False wall=470.0s freeze_ok=True
[B-02-B] exit=0 timed_out=False wall=305.0s freeze_ok=True
[B-03-C] exit=0 timed_out=False wall=286.9s freeze_ok=True
[A-19] exit=0 timed_out=False wall=689.8s freeze_ok=True
[B-06-B] exit=0 timed_out=False wall=242.2s freeze_ok=True
[B-05-A] exit=0 timed_out=False wall=277.8s freeze_ok=True
[B-04-D] exit=0 timed_out=False wall=407.2s freeze_ok=True
[B-07-C] exit=0 timed_out=False wall=240.7s freeze_ok=True
[B-09-A] exit=0 timed_out=False wall=295.3s freeze_ok=True
[B-08-D] exit=0 timed_out=False wall=367.1s freeze_ok=True
[B-10-B] exit=0 timed_out=False wall=302.5s freeze_ok=True
[B-11-C] exit=0 timed_out=False wall=290.9s freeze_ok=True
[C-03] exit=0 timed_out=False wall=306.0s freeze_ok=True
[B-12-D] exit=0 timed_out=False wall=415.0s freeze_ok=True
[C-01] exit=0 timed_out=False wall=415.4s freeze_ok=True
[C-02] exit=0 timed_out=False wall=584.2s freeze_ok=True
FREEZE OK at end
