batch RV-3 digest=7ba4e949391da08e: 27 runs, concurrency 4
[A-02] exit=0 timed_out=False wall=393.6s freeze_ok=True
[A-04] exit=0 timed_out=False wall=525.7s freeze_ok=True
[A-01] exit=0 timed_out=False wall=597.3s freeze_ok=True
[A-03] exit=0 timed_out=False wall=632.7s freeze_ok=True
[A-07] exit=0 timed_out=False wall=431.8s freeze_ok=True
[A-06] exit=0 timed_out=False wall=514.4s freeze_ok=True
[A-05] exit=0 timed_out=False wall=717.7s freeze_ok=True
[A-08] exit=0 timed_out=False wall=567.5s freeze_ok=True
[B-01-A] exit=0 timed_out=False wall=295.1s freeze_ok=True
[B-02-B] exit=0 timed_out=False wall=229.4s freeze_ok=True
[A-10] exit=0 timed_out=False wall=538.9s freeze_ok=True
[A-09] exit=0 timed_out=False wall=654.2s freeze_ok=True
[B-03-C] exit=0 timed_out=False wall=334.3s freeze_ok=True
[B-04-D] exit=0 timed_out=False wall=378.3s freeze_ok=True
[B-05-A] exit=0 timed_out=False wall=285.5s freeze_ok=True
[B-06-B] exit=0 timed_out=False wall=283.4s freeze_ok=True
[B-07-C] exit=0 timed_out=False wall=327.5s freeze_ok=True
[B-08-D] exit=0 timed_out=False wall=335.8s freeze_ok=True
[C-02] exit=0 timed_out=False wall=362.8s freeze_ok=True
[C-01] exit=0 timed_out=False wall=496.7s freeze_ok=True
[C-03] exit=0 timed_out=False wall=594.3s freeze_ok=True
[D2] exit=0 timed_out=False wall=378.0s freeze_ok=True
[D5] exit=0 timed_out=False wall=0.3s freeze_ok=True
[D6] exit=0 timed_out=False wall=0.3s freeze_ok=True
[D3] exit=0 timed_out=False wall=386.5s freeze_ok=True
[D4] exit=0 timed_out=False wall=335.1s freeze_ok=True
[D1] exit=0 timed_out=False wall=2307.4s freeze_ok=True
FREEZE OK at end
