batch RV-2 digest=6e1feadea4971d77: 27 runs, concurrency 4
[A-02] exit=0 timed_out=False wall=557.8s freeze_ok=True
[A-01] exit=0 timed_out=False wall=563.2s freeze_ok=True
[A-03] exit=0 timed_out=False wall=579.8s freeze_ok=True
[A-04] exit=0 timed_out=False wall=585.4s freeze_ok=True
[A-06] exit=0 timed_out=False wall=451.0s freeze_ok=True
[A-07] exit=0 timed_out=False wall=542.7s freeze_ok=True
[A-05] exit=0 timed_out=False wall=716.7s freeze_ok=True
[A-08] exit=0 timed_out=False wall=739.2s freeze_ok=True
[B-01-A] exit=0 timed_out=False wall=196.0s freeze_ok=True
[A-09] exit=0 timed_out=False wall=513.7s freeze_ok=True
[B-02-B] exit=0 timed_out=False wall=403.1s freeze_ok=True
[B-03-C] exit=0 timed_out=False wall=277.4s freeze_ok=True
[B-04-D] exit=0 timed_out=False wall=279.2s freeze_ok=True
[A-10] exit=0 timed_out=False wall=791.1s freeze_ok=True
[B-05-A] exit=0 timed_out=False wall=219.4s freeze_ok=True
[B-07-C] exit=0 timed_out=False wall=227.6s freeze_ok=True
[B-06-B] exit=0 timed_out=False wall=303.7s freeze_ok=True
[B-08-D] exit=0 timed_out=False wall=428.7s freeze_ok=True
[C-01] exit=0 timed_out=False wall=439.4s freeze_ok=True
[C-03] exit=0 timed_out=False wall=424.2s freeze_ok=True
[C-02] exit=0 timed_out=False wall=482.1s freeze_ok=True
[D2] exit=0 timed_out=False wall=396.1s freeze_ok=True
[D5] exit=0 timed_out=False wall=0.3s freeze_ok=True
[D6] exit=0 timed_out=False wall=0.3s freeze_ok=True
[D3] exit=0 timed_out=False wall=308.6s freeze_ok=True
[D4] exit=0 timed_out=False wall=391.9s freeze_ok=True
[D1] exit=0 timed_out=False wall=593.5s freeze_ok=True
FREEZE OK at end
