36 requests (12 inputs x 1 variants x 3 reps, 0 done)
[GB RV-5 #1] SUCCESS 13.7s
[GA RV-5 #1] SUCCESS 13.9s
[GC RV-5 #1] SUCCESS 14.8s
[GD RV-5 #1] SUCCESS 15.6s
[HG2 RV-5 #1] SUCCESS 18.0s
[HG1 RV-5 #1] SUCCESS 19.2s
[HG3 RV-5 #1] SUCCESS 17.1s
[M6-A01 RV-5 #1] SUCCESS 23.6s
[M6-A05 RV-5 #1] SUCCESS 17.4s
[M6-A03 RV-5 #1] SUCCESS 36.2s
[M6-A07 RV-5 #1] SUCCESS 23.8s
[M6-A09 RV-5 #1] SUCCESS 23.9s
[GA RV-5 #2] SUCCESS 20.3s
[GB RV-5 #2] SUCCESS 13.4s
[GC RV-5 #2] SUCCESS 14.3s
[GD RV-5 #2] SUCCESS 16.5s
[HG1 RV-5 #2] SUCCESS 16.3s
[HG2 RV-5 #2] SUCCESS 18.1s
[HG3 RV-5 #2] SUCCESS 15.4s
[M6-A01 RV-5 #2] SUCCESS 24.3s
[M6-A03 RV-5 #2] SUCCESS 30.1s
[M6-A05 RV-5 #2] SUCCESS 31.5s
[M6-A07 RV-5 #2] SUCCESS 25.4s
[GA RV-5 #3] SUCCESS 14.7s
[GB RV-5 #3] SUCCESS 14.5s
[M6-A09 RV-5 #2] SUCCESS 39.8s
[GC RV-5 #3] SUCCESS 14.4s
[GD RV-5 #3] SUCCESS 13.8s
[HG1 RV-5 #3] SUCCESS 17.8s
[HG2 RV-5 #3] SUCCESS 16.2s
[HG3 RV-5 #3] SUCCESS 14.8s
[M6-A01 RV-5 #3] SUCCESS 25.2s
[M6-A03 RV-5 #3] SUCCESS 34.7s
[M6-A05 RV-5 #3] SUCCESS 27.9s
[M6-A07 RV-5 #3] SUCCESS 28.1s
[M6-A09 RV-5 #3] SUCCESS 27.5s
